src/educator/agent/educatorAgent.ts(3,30): error TS2307: Cannot find module '@langchain/langgraph/dist/types' or its corresponding type declarations.
src/educator/agent/educatorAgent.ts(377,36): error TS2345: Argument of type '"Missing quiz items"' is not assignable to parameter of type 'never'.
src/educator/agent/educatorAgent.ts(548,19): error TS2554: Expected 1-2 arguments, but got 0.
src/educator/agent/educatorAgent.ts(558,26): error TS2345: Argument of type '"classify"' is not assignable to parameter of type '"__start__" | "__end__"'.
src/educator/agent/educatorAgent.ts(559,19): error TS2345: Argument of type '"classify"' is not assignable to parameter of type '"__start__" | "__start__"[]'.
src/educator/agent/educatorAgent.ts(560,19): error TS2345: Argument of type '"research"' is not assignable to parameter of type '"__start__" | "__start__"[]'.
src/educator/agent/educatorAgent.ts(561,19): error TS2345: Argument of type '"generate"' is not assignable to parameter of type '"__start__" | "__start__"[]'.
src/educator/agent/educatorAgent.ts(564,31): error TS2345: Argument of type '"validate"' is not assignable to parameter of type '"__start__"'.
src/educator/agent/educatorAgent.ts(573,19): error TS2345: Argument of type '"publish"' is not assignable to parameter of type '"__start__" | "__start__"[]'.
src/educator/agent/educatorAgent.ts(619,56): error TS2345: Argument of type 'EducatorAgentState' is not assignable to parameter of type 'UpdateType<ToStateDefinition<SD extends SDZod ? ToStateDefinition<SD> : StateDefinition>> | CommandInstance<...> | null'.
  Type 'EducatorAgentState' is not assignable to type 'UpdateType<ToStateDefinition<SD extends SDZod ? ToStateDefinition<SD> : StateDefinition>>'.
src/educator/agent/educatorAgent.ts(621,30): error TS2362: The left-hand side of an arithmetic operation must be of type 'any', 'number', 'bigint' or an enum type.
src/educator/agent/educatorAgent.ts(621,67): error TS2363: The right-hand side of an arithmetic operation must be of type 'any', 'number', 'bigint' or an enum type.
src/educator/agent/educatorAgent.ts(629,59): error TS2339: Property 'qualityScore' does not exist on type 'NonNullable<ExtractValueType<ToStateDefinition<SD extends SDZod ? ToStateDefinition<SD> : StateDefinition>[string]>>'.
src/educator/agent/educatorAgent.ts(641,64): error TS2339: Property 'qualityScore' does not exist on type 'NonNullable<ExtractValueType<ToStateDefinition<SD extends SDZod ? ToStateDefinition<SD> : StateDefinition>[string]>>'.
src/educator/agent/educatorAgent.ts(658,38): error TS2339: Property 'drawAscii' does not exist on type 'Graph'.
src/educator/handlers/educatorHandler.ts(1,35): error TS2307: Cannot find module 'express' or its corresponding type declarations.
src/educator/handlers/educatorHandler.ts(2,40): error TS2307: Cannot find module '../agent/EducatorLangGraphAgent.js' or its corresponding type declarations.
src/educator/handlers/educatorHandler.ts(82,13): error TS1117: An object literal cannot have multiple properties with the same name.
